              0   0%    0.00kB/s    0:00:00 (xfr#0, to-chk=271/301)          32768   0%    0.00kB/s    0:00:00           723738   2%   17.81MB/s    0:00:00 (xfr#1, to-chk=298/301)         724691   2%   17.83MB/s    0:00:00 (xfr#2, to-chk=297/301)        1138979   4%   17.58MB/s    0:00:00 (xfr#3, to-chk=296/301)        1553267   5%   17.47MB/s    0:00:00 (xfr#4, to-chk=295/301)        1967555   7%   17.41MB/s    0:00:00 (xfr#5, to-chk=294/301)        2357979   8%   16.93MB/s    0:00:00 (xfr#6, to-chk=293/301)        2358939   8%   16.93MB/s    0:00:00 (xfr#7, to-chk=292/301)        2586035   9%   16.79MB/s    0:00:00 (xfr#8, to-chk=291/301)        2813131  10%   16.47MB/s    0:00:00 (xfr#9, to-chk=290/301)        3040227  10%   16.30MB/s    0:00:00 (xfr#10, to-chk=289/301)        7393587  26%   16.60MB/s    0:00:00 (xfr#11, to-chk=288/301)        7394615  26%   16.56MB/s    0:00:00 (xfr#12, to-chk=287/301)        9465311  33%   15.67MB/s    0:00:00 (xfr#13, to-chk=286/301)       11536007  41%   15.26MB/s    0:00:00 (xfr#14, to-chk=285/301)       13606703  48%   14.85MB/s    0:00:00 (xfr#15, to-chk=284/301)       13797921  49%   14.90MB/s    0:00:00 (xfr#16, to-chk=283/301)       13798937  49%   14.88MB/s    0:00:00 (xfr#17, to-chk=282/301)       13899097  49%   14.89MB/s    0:00:00 (xfr#18, to-chk=281/301)       13999257  49%   14.92MB/s    0:00:00 (xfr#19, to-chk=280/301)       14099417  50%   14.91MB/s    0:00:00 (xfr#20, to-chk=279/301)       14106903  50%   14.91MB/s    0:00:00 (xfr#21, to-chk=270/301)       14108849  50%   14.92MB/s    0:00:00 (xfr#22, to-chk=269/301)       14114492  50%   14.90MB/s    0:00:00 (xfr#23, to-chk=268/301)       14115704  50%   14.91MB/s    0:00:00 (xfr#24, to-chk=267/301)       14127214  50%   14.90MB/s    0:00:00 (xfr#25, to-chk=266/301)       14128302  50%   14.90MB/s    0:00:00 (xfr#26, to-chk=264/301)       14131749  50%   14.91MB/s    0:00:00 (xfr#27, to-chk=263/301)       14132404  50%   14.91MB/s    0:00:00 (xfr#28, to-chk=262/301)       14132623  50%   14.91MB/s    0:00:00 (xfr#29, to-chk=259/301)       14133167  50%   14.91MB/s    0:00:00 (xfr#30, to-chk=258/301)       14133405  50%   14.91MB/s    0:00:00 (xfr#31, to-chk=257/301)       14133589  50%   14.91MB/s    0:00:00 (xfr#32, to-chk=256/301)       14133915  50%   14.91MB/s    0:00:00 (xfr#33, to-chk=255/301)       14134071  50%   14.91MB/s    0:00:00 (xfr#34, to-chk=254/301)       14134558  50%   14.91MB/s    0:00:00 (xfr#35, to-chk=252/301)       14134809  50%   14.91MB/s    0:00:00 (xfr#36, to-chk=251/301)       14135314  50%   14.89MB/s    0:00:00 (xfr#37, to-chk=250/301)       14135420  50%   14.89MB/s    0:00:00 (xfr#38, to-chk=249/301)       14137103  50%   14.90MB/s    0:00:00 (xfr#39, to-chk=248/301)       14137300  50%   14.90MB/s    0:00:00 (xfr#40, to-chk=247/301)       14137392  50%   14.90MB/s    0:00:00 (xfr#41, to-chk=246/301)       14137562  50%   14.90MB/s    0:00:00 (xfr#42, to-chk=245/301)       14137735  50%   14.90MB/s    0:00:00 (xfr#43, to-chk=244/301)       14137910  50%   14.90MB/s    0:00:00 (xfr#44, to-chk=243/301)       14138098  50%   14.90MB/s    0:00:00 (xfr#45, to-chk=242/301)       14138470  50%   14.88MB/s    0:00:00 (xfr#46, to-chk=241/301)       14140744  50%   14.88MB/s    0:00:00 (xfr#47, to-chk=223/301)       14142225  50%   14.88MB/s    0:00:00 (xfr#48, to-chk=221/301)       14143727  50%   14.89MB/s    0:00:00 (xfr#49, to-chk=220/301)       14145246  50%   14.89MB/s    0:00:00 (xfr#50, to-chk=219/301)       14146764  50%   14.87MB/s    0:00:00 (xfr#51, to-chk=218/301)       14147072  50%   14.87MB/s    0:00:00 (xfr#52, to-chk=217/301)       14148642  50%   14.88MB/s    0:00:00 (xfr#53, to-chk=216/301)       14150464  50%   14.88MB/s    0:00:00 (xfr#54, to-chk=215/301)       14151081  50%   14.88MB/s    0:00:00 (xfr#55, to-chk=214/301)       14151733  50%   14.88MB/s    0:00:00 (xfr#56, to-chk=213/301)       14152828  50%   14.88MB/s    0:00:00 (xfr#57, to-chk=212/301)       14153884  50%   14.88MB/s    0:00:00 (xfr#58, to-chk=211/301)       14155202  50%   14.88MB/s    0:00:00 (xfr#59, to-chk=210/301)       14156400  50%   14.88MB/s    0:00:00 (xfr#60, to-chk=209/301)       14158950  50%   14.89MB/s    0:00:00 (xfr#61, to-chk=208/301)       14161456  50%   14.87MB/s    0:00:00 (xfr#62, to-chk=207/301)       14163964  50%   14.87MB/s    0:00:00 (xfr#63, to-chk=205/301)       14166498  50%   14.88MB/s    0:00:00 (xfr#64, to-chk=204/301)       14168151  50%   14.88MB/s    0:00:00 (xfr#65, to-chk=203/301)       14170107  50%   14.88MB/s    0:00:00 (xfr#66, to-chk=202/301)       14172075  50%   14.88MB/s    0:00:00 (xfr#67, to-chk=201/301)       14173731  50%   14.89MB/s    0:00:00 (xfr#68, to-chk=200/301)       14175407  50%   14.89MB/s    0:00:00 (xfr#69, to-chk=199/301)       14177067  50%   14.89MB/s    0:00:00 (xfr#70, to-chk=198/301)       14180494  50%   14.88MB/s    0:00:00 (xfr#71, to-chk=197/301)       14181498  50%   14.88MB/s    0:00:00 (xfr#72, to-chk=196/301)       14182688  50%   14.88MB/s    0:00:00 (xfr#73, to-chk=195/301)       14183872  50%   14.88MB/s    0:00:00 (xfr#74, to-chk=194/301)       14185249  50%   14.88MB/s    0:00:00 (xfr#75, to-chk=193/301)       14185719  50%   14.88MB/s    0:00:00 (xfr#76, to-chk=192/301)       14187316  50%   14.88MB/s    0:00:00 (xfr#77, to-chk=191/301)       14188923  50%   14.88MB/s    0:00:00 (xfr#78, to-chk=190/301)       14192378  50%   14.89MB/s    0:00:00 (xfr#79, to-chk=189/301)       14195903  50%   14.88MB/s    0:00:00 (xfr#80, to-chk=188/301)       14197472  50%   14.88MB/s    0:00:00 (xfr#81, to-chk=187/301)       14198987  50%   14.88MB/s    0:00:00 (xfr#82, to-chk=185/301)       14200288  50%   14.88MB/s    0:00:00 (xfr#83, to-chk=184/301)       14201779  50%   14.88MB/s    0:00:00 (xfr#84, to-chk=183/301)       14204107  50%   14.88MB/s    0:00:00 (xfr#85, to-chk=182/301)       14206372  50%   14.89MB/s    0:00:00 (xfr#86, to-chk=181/301)       14207148  50%   14.87MB/s    0:00:00 (xfr#87, to-chk=180/301)       14214422  50%   14.88MB/s    0:00:00 (xfr#88, to-chk=178/301)       14215005  50%   14.88MB/s    0:00:00 (xfr#89, to-chk=177/301)       14216799  50%   14.88MB/s    0:00:00 (xfr#90, to-chk=176/301)       14217278  50%   14.88MB/s    0:00:00 (xfr#91, to-chk=175/301)       14388238  51%   14.85MB/s    0:00:00 (xfr#92, to-chk=174/301)       14394526  51%   14.86MB/s    0:00:00 (xfr#93, to-chk=172/301)       14413182  51%   14.86MB/s    0:00:00 (xfr#94, to-chk=170/301)       14444414  51%   14.86MB/s    0:00:00 (xfr#95, to-chk=168/301)       14459334  51%   14.87MB/s    0:00:00 (xfr#96, to-chk=167/301)       14523478  51%   14.86MB/s    0:00:00 (xfr#97, to-chk=164/301)       14563006  51%   14.87MB/s    0:00:00 (xfr#98, to-chk=162/301)       14581686  51%   14.87MB/s    0:00:00 (xfr#99, to-chk=160/301)       14706534  52%   14.87MB/s    0:00:00 (xfr#100, to-chk=158/301)       15018254  53%   14.87MB/s    0:00:00 (xfr#101, to-chk=156/301)       15098358  53%   14.87MB/s    0:00:00 (xfr#102, to-chk=154/301)       15165158  54%   14.89MB/s    0:00:00 (xfr#103, to-chk=151/301)       15656678  55%   14.90MB/s    0:00:00         17195702  61%   14.98MB/s    0:00:01 (xfr#104, to-chk=150/301)       17214414  61%   14.98MB/s    0:00:01 (xfr#105, to-chk=147/301)       17405198  62%   15.03MB/s    0:00:01 (xfr#106, to-chk=146/301)       17419446  62%   15.03MB/s    0:00:01 (xfr#107, to-chk=143/301)       17458654  62%   15.04MB/s    0:00:01 (xfr#108, to-chk=142/301)       17772150  63%   15.02MB/s    0:00:01 (xfr#109, to-chk=139/301)       18204790  64%   15.02MB/s    0:00:01 (xfr#110, to-chk=138/301)       18219350  64%   15.02MB/s    0:00:01 (xfr#111, to-chk=137/301)       18255710  65%   15.02MB/s    0:00:01 (xfr#112, to-chk=134/301)       18458590  65%   15.06MB/s    0:00:01 (xfr#113, to-chk=132/301)       18782478  66%   15.06MB/s    0:00:01 (xfr#114, to-chk=130/301)       19199414  68%   15.04MB/s    0:00:01 (xfr#115, to-chk=128/301)       19296030  68%   15.03MB/s    0:00:01 (xfr#116, to-chk=127/301)       20451798  72%   15.08MB/s    0:00:01 (xfr#117, to-chk=125/301)       20535830  73%   15.09MB/s    0:00:01 (xfr#118, to-chk=123/301)       20575030  73%   15.08MB/s    0:00:01 (xfr#119, to-chk=121/301)       20589286  73%   15.09MB/s    0:00:01 (xfr#120, to-chk=119/301)       20681494  73%   14.99MB/s    0:00:01 (xfr#121, to-chk=117/301)       20835478  74%   14.96MB/s    0:00:01 (xfr#122, to-chk=115/301)       22536270  80%   14.77MB/s    0:00:01 (xfr#123, to-chk=114/301)       22554990  80%   14.77MB/s    0:00:01 (xfr#124, to-chk=112/301)       22577510  80%   14.78MB/s    0:00:01 (xfr#125, to-chk=110/301)       22917742  81%   14.72MB/s    0:00:01 (xfr#126, to-chk=108/301)       23088102  82%   14.76MB/s    0:00:01 (xfr#127, to-chk=107/301)       23229350  82%   14.75MB/s    0:00:01 (xfr#128, to-chk=104/301)       23419750  83%   14.75MB/s    0:00:01 (xfr#129, to-chk=102/301)       23516926  83%   14.75MB/s    0:00:01 (xfr#130, to-chk=101/301)       23556670  83%   14.76MB/s    0:00:01 (xfr#131, to-chk=99/301)        23583606  84%   14.76MB/s    0:00:01 (xfr#132, to-chk=97/301)       23631174  84%   14.77MB/s    0:00:01 (xfr#133, to-chk=95/301)       23654054  84%   14.77MB/s    0:00:01 (xfr#134, to-chk=93/301)       23701630  84%   14.78MB/s    0:00:01 (xfr#135, to-chk=91/301)       23757366  84%   14.78MB/s    0:00:01 (xfr#136, to-chk=89/301)       23813214  84%   14.78MB/s    0:00:01 (xfr#137, to-chk=86/301)       23827790  84%   14.78MB/s    0:00:01 (xfr#138, to-chk=84/301)       23842358  85%   14.78MB/s    0:00:01 (xfr#139, to-chk=82/301)       23848598  85%   14.79MB/s    0:00:01 (xfr#140, to-chk=81/301)       24313422  86%   14.79MB/s    0:00:01 (xfr#141, to-chk=79/301)       24385134  86%   14.79MB/s    0:00:01 (xfr#142, to-chk=77/301)       24530110  87%   14.80MB/s    0:00:01 (xfr#143, to-chk=76/301)       24824742  88%   14.79MB/s    0:00:01 (xfr#144, to-chk=73/301)       24925910  88%   14.78MB/s    0:00:01 (xfr#145, to-chk=72/301)       24957590  88%   14.78MB/s    0:00:01 (xfr#146, to-chk=70/301)       25246558  90%   14.84MB/s    0:00:01 (xfr#147, to-chk=67/301)       25401390  90%   14.82MB/s    0:00:01 (xfr#148, to-chk=66/301)       26102462  93%   14.81MB/s    0:00:01 (xfr#149, to-chk=65/301)       26298566  93%   14.81MB/s    0:00:01 (xfr#150, to-chk=63/301)       26325110  93%   14.82MB/s    0:00:01 (xfr#151, to-chk=61/301)       26861758  95%   14.80MB/s    0:00:01 (xfr#152, to-chk=59/301)       26897406  95%   14.81MB/s    0:00:01 (xfr#153, to-chk=58/301)       27068190  96%   14.81MB/s    0:00:01 (xfr#154, to-chk=55/301)       27189206  96%   14.82MB/s    0:00:01 (xfr#155, to-chk=53/301)       27199798  96%   14.81MB/s    0:00:01 (xfr#156, to-chk=52/301)       27226910  97%   14.82MB/s    0:00:01 (xfr#157, to-chk=49/301)       27266694  97%   14.82MB/s    0:00:01 (xfr#158, to-chk=47/301)       27383654  97%   14.83MB/s    0:00:01 (xfr#159, to-chk=45/301)       27402262  97%   14.84MB/s    0:00:01 (xfr#160, to-chk=43/301)       27412566  97%   14.84MB/s    0:00:01 (xfr#161, to-chk=42/301)       27418342  97%   14.84MB/s    0:00:01 (xfr#162, to-chk=41/301)       27428614  97%   14.84MB/s    0:00:01 (xfr#163, to-chk=40/301)       27443078  97%   14.84MB/s    0:00:01 (xfr#164, to-chk=39/301)       27457734  97%   14.84MB/s    0:00:01 (xfr#165, to-chk=38/301)       27518038  98%   14.85MB/s    0:00:01 (xfr#166, to-chk=37/301)       27528350  98%   14.85MB/s    0:00:01 (xfr#167, to-chk=36/301)       27542862  98%   14.86MB/s    0:00:01 (xfr#168, to-chk=35/301)       27553110  98%   14.85MB/s    0:00:01 (xfr#169, to-chk=34/301)       27567654  98%   14.86MB/s    0:00:01 (xfr#170, to-chk=33/301)       27578038  98%   14.86MB/s    0:00:01 (xfr#171, to-chk=32/301)       27588318  98%   14.86MB/s    0:00:01 (xfr#172, to-chk=31/301)       27602806  98%   14.86MB/s    0:00:01 (xfr#173, to-chk=30/301)       27625678  98%   14.86MB/s    0:00:01 (xfr#174, to-chk=29/301)       27635990  98%   14.86MB/s    0:00:01 (xfr#175, to-chk=28/301)       27646230  98%   14.86MB/s    0:00:01 (xfr#176, to-chk=27/301)       27656566  98%   14.87MB/s    0:00:01 (xfr#177, to-chk=26/301)       27666878  98%   14.87MB/s    0:00:01 (xfr#178, to-chk=25/301)       27677182  98%   14.87MB/s    0:00:01 (xfr#179, to-chk=24/301)       27687518  98%   14.88MB/s    0:00:01 (xfr#180, to-chk=23/301)       27727166  98%   14.87MB/s    0:00:01 (xfr#181, to-chk=22/301)       27737430  98%   14.88MB/s    0:00:01 (xfr#182, to-chk=21/301)       27743534  98%   14.88MB/s    0:00:01 (xfr#183, to-chk=20/301)       27758134  98%   14.88MB/s    0:00:01 (xfr#184, to-chk=19/301)       27764270  98%   14.87MB/s    0:00:01 (xfr#185, to-chk=18/301)       27774574  99%   14.88MB/s    0:00:01 (xfr#186, to-chk=17/301)       27784878  99%   14.88MB/s    0:00:01 (xfr#187, to-chk=16/301)       27803614  99%   14.89MB/s    0:00:01 (xfr#188, to-chk=15/301)       27818174  99%   14.89MB/s    0:00:01 (xfr#189, to-chk=14/301)       27824326  99%   14.89MB/s    0:00:01 (xfr#190, to-chk=13/301)       27838710  99%   14.89MB/s    0:00:01 (xfr#191, to-chk=12/301)       27853134  99%   14.89MB/s    0:00:01 (xfr#192, to-chk=11/301)       27867606  99%   14.90MB/s    0:00:01 (xfr#193, to-chk=10/301)       27882118  99%   14.90MB/s    0:00:01 (xfr#194, to-chk=9/301)        27896630  99%   14.90MB/s    0:00:01 (xfr#195, to-chk=8/301)       27915382  99%   14.91MB/s    0:00:01 (xfr#196, to-chk=7/301)       27925686  99%   14.90MB/s    0:00:01 (xfr#197, to-chk=6/301)       27936062  99%   14.91MB/s    0:00:01 (xfr#198, to-chk=5/301)       27996334  99%   14.92MB/s    0:00:01 (xfr#199, to-chk=4/301)       28010782  99%   14.91MB/s    0:00:01 (xfr#200, to-chk=3/301)       28016886  99%   14.92MB/s    0:00:01 (xfr#201, to-chk=2/301)       28027142  99%   14.92MB/s    0:00:01 (xfr#202, to-chk=1/301)       28045990  99%   14.92MB/s    0:00:01 (xfr#203, to-chk=0/301)       28045990  99%   14.92MB/s    0:00:01 (xfr#203, to-chk=0/301)       28045990  99%   14.92MB/s    0:00:01 (xfr#203, to-chk=0/301)       28045990  99%   14.92MB/s    0:00:01 (xfr#203, to-chk=0/301)       28045990  99%   14.92MB/s    0:00:01 (xfr#203, to-chk=0/301)       28045990  99%   14.92MB/s    0:00:01 (xfr#203, to-chk=0/301)       28045990  99%   14.92MB/s    0:00:01 (xfr#203, to-chk=0/301)       28045990  99%   14.92MB/s    0:00:01 (xfr#203, to-chk=0/301)       28045990  99%   14.92MB/s    0:00:01 (xfr#203, to-chk=0/301)       28045990  99%   14.92MB/s    0:00:01 (xfr#203, to-chk=0/301)       28045990  99%   14.92MB/s    0:00:01 (xfr#203, to-chk=0/301)       28045990  99%   14.92MB/s    0:00:01 (xfr#203, to-chk=0/301)       28045990  99%   14.92MB/s    0:00:01 (xfr#203, to-chk=0/301)       28045990  99%   14.92MB/s    0:00:01 (xfr#203, to-chk=0/301)       28045990  99%   14.92MB/s    0:00:01 (xfr#203, to-chk=0/301)       28045990  99%   14.92MB/s    0:00:01 (xfr#203, to-chk=0/301)       28045990  99%   14.92MB/s    0:00:01 (xfr#203, to-chk=0/301)       28045990  99%   14.92MB/s    0:00:01 (xfr#203, to-chk=0/301)       28045990  99%   14.92MB/s    0:00:01 (xfr#203, to-chk=0/301)       28045990  99%   14.92MB/s    0:00:01 (xfr#203, to-chk=0/301)       28045990  99%   14.92MB/s    0:00:01 (xfr#203, to-chk=0/301)       28045990  99%   14.92MB/s    0:00:01 (xfr#203, to-chk=0/301)       28045990  99%   14.92MB/s    0:00:01 (xfr#203, to-chk=0/301)       28045990  99%   14.92MB/s    0:00:01 (xfr#203, to-chk=0/301)       28045990  99%   14.92MB/s    0:00:01 (xfr#203, to-chk=0/301)       28045990  99%   14.92MB/s    0:00:01 (xfr#203, to-chk=0/301)       28045990  99%   14.92MB/s    0:00:01 (xfr#203, to-chk=0/301)       28045990  99%   14.92MB/s    0:00:01 (xfr#203, to-chk=0/301)       28045990  99%   14.92MB/s    0:00:01 (xfr#203, to-chk=0/301)       28045990  99%   14.87MB/s    0:00:01 (xfr#203, to-chk=0/301)

Number of files: 301 (reg: 203, dir: 29, link: 69)
Number of created files: 301 (reg: 203, dir: 29, link: 69)
Number of deleted files: 0
Number of regular files transferred: 203
Total file size: 28047108 bytes
Total transferred file size: 28045990 bytes
Literal data: 28045990 bytes
Matched data: 0 bytes
File list size: 0
File list generation time: 0.001 seconds
File list transfer time: 0.000 seconds
Total bytes sent: 11158327
Total bytes received: 4227

sent 11158327 bytes  received 4227 bytes  4465021.60 bytes/sec
total size is 28047108  speedup is 2.51
